2025-06-12 20:48:49 - Error occurred while generatung messages: 2025-06-12 20:48:49 - Error occurred while generatung messages: 2025-06-12 20:48:50 - Error occurred while generatung messages: 2025-06-12 21:00:28 - Error occurred while generatung messages: 2025-06-12 21:02:05 - Error occurred while generatung messages: 2025-06-12 21:02:14 - Error occurred while generatung messages: 2025-06-12 21:10:49 - Error occurred while generatung messages: 